[themes.pixelstrap.net/pwa/chatzy/home.html]
[backblue.gif]
[fade.gif]
[index.html]
[themes.pixelstrap.net/pwa/chatzy/manifest.json]
[themes.pixelstrap.net/pwa/chatzy/assets/images/logo/favicon.png]
[themes.pixelstrap.net/pwa/chatzy/assets/css/vendors/iconsax.css]
[themes.pixelstrap.net/pwa/chatzy/assets/css/vendors/swiper-bundle.min.css]
[themes.pixelstrap.net/pwa/chatzy/assets/css/vendors/bootstrap.css]
[themes.pixelstrap.net/pwa/chatzy/assets/css/style.css]
[themes.pixelstrap.net/pwa/chatzy/assets/images/logo/mini-logo.png]
[themes.pixelstrap.net/pwa/chatzy/new-group-contact.html]
[themes.pixelstrap.net/pwa/chatzy/new-broadcast-contact.html]
[themes.pixelstrap.net/pwa/chatzy/assets/images/svg/megaphone.svg]
[themes.pixelstrap.net/pwa/chatzy/starred-message.html]
[themes.pixelstrap.net/pwa/chatzy/call.html]
[themes.pixelstrap.net/pwa/chatzy/add-chat-contact.html]
[themes.pixelstrap.net/pwa/chatzy/invite-friend.html]
[themes.pixelstrap.net/pwa/chatzy/page-listing.html]
[themes.pixelstrap.net/pwa/chatzy/components-page.html]
[themes.pixelstrap.net/pwa/chatzy/profile.html]
[themes.pixelstrap.net/pwa/chatzy/setting.html]
[themes.pixelstrap.net/pwa/chatzy/login.html]
[themes.pixelstrap.net/pwa/chatzy/assets/images/profile/p1.png]
[themes.pixelstrap.net/pwa/chatzy/assets/images/profile/p2.png]
[themes.pixelstrap.net/pwa/chatzy/assets/images/profile/p3.png]
[themes.pixelstrap.net/pwa/chatzy/assets/images/profile/p4.png]
[themes.pixelstrap.net/pwa/chatzy/assets/images/profile/p5.png]
[themes.pixelstrap.net/pwa/chatzy/assets/images/profile/p6.png]
[themes.pixelstrap.net/pwa/chatzy/assets/images/profile/p7.png]
[themes.pixelstrap.net/pwa/chatzy/group-chat.html]
[themes.pixelstrap.net/pwa/chatzy/assets/images/profile/p8.png]
[themes.pixelstrap.net/pwa/chatzy/assets/images/svg/pin.svg]
[themes.pixelstrap.net/pwa/chatzy/private-chat.html]
[themes.pixelstrap.net/pwa/chatzy/assets/images/svg/tick-all.svg]
[themes.pixelstrap.net/pwa/chatzy/assets/images/svg/heart.svg]
[themes.pixelstrap.net/pwa/chatzy/assets/images/svg/mute.svg]
[themes.pixelstrap.net/pwa/chatzy/assets/images/profile/p9.png]
[themes.pixelstrap.net/pwa/chatzy/assets/images/svg/gallery.svg]
[themes.pixelstrap.net/pwa/chatzy/assets/images/profile/p10.png]
[themes.pixelstrap.net/pwa/chatzy/assets/images/svg/messages.svg]
[themes.pixelstrap.net/pwa/chatzy/assets/images/svg/chat.svg]
[themes.pixelstrap.net/pwa/chatzy/assets/images/svg/chat-fill.svg]
[themes.pixelstrap.net/pwa/chatzy/assets/images/svg/call.svg]
[themes.pixelstrap.net/pwa/chatzy/assets/images/svg/call-fill.svg]
[themes.pixelstrap.net/pwa/chatzy/assets/images/svg/setting.svg]
[themes.pixelstrap.net/pwa/chatzy/assets/images/svg/setting-fill.svg]
[themes.pixelstrap.net/pwa/chatzy/assets/images/svg/profile.svg]
[themes.pixelstrap.net/pwa/chatzy/assets/images/svg/profile-fill.svg]
[themes.pixelstrap.net/pwa/chatzy/assets/images/svg/video.svg]
[themes.pixelstrap.net/pwa/chatzy/assets/images/svg/headphone.svg]
[themes.pixelstrap.net/pwa/chatzy/assets/images/svg/document.svg]
[themes.pixelstrap.net/pwa/chatzy/assets/images/svg/gif.svg]
[themes.pixelstrap.net/pwa/chatzy/assets/images/svg/link.svg]
[themes.pixelstrap.net/pwa/chatzy/assets/images/svg/message.svg]
[themes.pixelstrap.net/pwa/chatzy/assets/images/icons/gallery.png]
[themes.pixelstrap.net/pwa/chatzy/assets/images/icons/camera.png]
[themes.pixelstrap.net/pwa/chatzy/assets/images/icons/text.png]
[themes.pixelstrap.net/pwa/chatzy/assets/images/story-img1.png]
[themes.pixelstrap.net/pwa/chatzy/assets/images/svg/smile.svg]
[themes.pixelstrap.net/pwa/chatzy/assets/images/story-img2.png]
[themes.pixelstrap.net/pwa/chatzy/assets/images/story-img3.png]
[themes.pixelstrap.net/pwa/chatzy/assets/js/iconsax.js]
[themes.pixelstrap.net/pwa/chatzy/assets/js/bootstrap.bundle.min.js]
[themes.pixelstrap.net/pwa/chatzy/assets/js/swiper-bundle.min.js]
[themes.pixelstrap.net/pwa/chatzy/assets/js/custom-swiper.js]
[themes.pixelstrap.net/pwa/chatzy/assets/js/script.js]
[themes.pixelstrap.net/pwa/chatzy/home.html]
[themes.pixelstrap.net/pwa/chatzy/assets/css/vendors/iconsax.css]
[themes.pixelstrap.net/pwa/chatzy/assets/css/vendors/swiper-bundle.min.css]
[themes.pixelstrap.net/pwa/chatzy/assets/css/vendors/bootstrap.css]
[themes.pixelstrap.net/pwa/chatzy/assets/images/background/video-call-bg.png]
[themes.pixelstrap.net/pwa/chatzy/assets/images/background/profile-bg-shape.png]
[themes.pixelstrap.net/pwa/chatzy/assets/images/onboarding/btn-shape1.svg]
[themes.pixelstrap.net/pwa/chatzy/assets/images/onboarding/btn-shape2.svg]
[themes.pixelstrap.net/pwa/chatzy/assets/css/style.css]
[themes.pixelstrap.net/pwa/chatzy/assets/images/profile/p12.png]
[themes.pixelstrap.net/pwa/chatzy/assets/images/profile/p17.png]
[themes.pixelstrap.net/pwa/chatzy/assets/images/profile/p19.png]
[themes.pixelstrap.net/pwa/chatzy/assets/images/svg/100.svg]
[themes.pixelstrap.net/pwa/chatzy/assets/images/profile/p11.png]
[themes.pixelstrap.net/pwa/chatzy/assets/images/svg/smiling-eyes.svg]
[themes.pixelstrap.net/pwa/chatzy/assets/images/profile/p16.png]
[themes.pixelstrap.net/pwa/chatzy/assets/images/profile/p14.png]
[themes.pixelstrap.net/pwa/chatzy/assets/images/svg/halo.svg]
[themes.pixelstrap.net/pwa/chatzy/assets/images/svg/blushing-eyes.svg]
[themes.pixelstrap.net/pwa/chatzy/assets/images/profile/p18.png]
[themes.pixelstrap.net/pwa/chatzy/assets/images/profile/p13.png]
[themes.pixelstrap.net/pwa/chatzy/assets/images/profile/p20.png]
[themes.pixelstrap.net/pwa/chatzy/assets/images/profile/p21.png]
[themes.pixelstrap.net/pwa/chatzy/assets/images/profile/p22.png]
[themes.pixelstrap.net/pwa/chatzy/new-group-profile.html]
[themes.pixelstrap.net/pwa/chatzy/assets/js/sticky-header.js]
[themes.pixelstrap.net/pwa/chatzy/new-group-contact.html]
[themes.pixelstrap.net/pwa/chatzy/new-broadcast-profile.html]
[themes.pixelstrap.net/pwa/chatzy/new-broadcast-contact.html]
[themes.pixelstrap.net/pwa/chatzy/assets/images/svg/megaphone.svg]
[themes.pixelstrap.net/pwa/chatzy/assets/images/svg/star-fill.svg]
[themes.pixelstrap.net/pwa/chatzy/assets/images/svg/pdf.svg]
[themes.pixelstrap.net/pwa/chatzy/assets/images/svg/reply.svg]
[themes.pixelstrap.net/pwa/chatzy/assets/images/svg/apk.svg]
[themes.pixelstrap.net/pwa/chatzy/assets/images/svg/image.svg]
[themes.pixelstrap.net/pwa/chatzy/assets/images/unstar.png]
[themes.pixelstrap.net/pwa/chatzy/starred-message.html]
[themes.pixelstrap.net/pwa/chatzy/invite-people.html]
[themes.pixelstrap.net/pwa/chatzy/private-audio-call-ringing.html]
[themes.pixelstrap.net/pwa/chatzy/private-video-call-ringing.html]
[themes.pixelstrap.net/pwa/chatzy/add-call-contact.html]
[themes.pixelstrap.net/pwa/chatzy/assets/images/delete.png]
[themes.pixelstrap.net/pwa/chatzy/call.html]
[themes.pixelstrap.net/pwa/chatzy/add-qr-code-contact.html]
[themes.pixelstrap.net/pwa/chatzy/add-chat-contact.html]
[themes.pixelstrap.net/pwa/chatzy/assets/css/vendors/bootstrap.rtl.min.css]
[themes.pixelstrap.net/pwa/chatzy/assets/images/notification-access.png]
[themes.pixelstrap.net/pwa/chatzy/assets/images/contact-access.png]
[themes.pixelstrap.net/pwa/chatzy/invite-friend.html]
[themes.pixelstrap.net/pwa/chatzy/index.html]
[themes.pixelstrap.net/pwa/chatzy/otp.html]
[themes.pixelstrap.net/pwa/chatzy/choose-country.html]
[themes.pixelstrap.net/pwa/chatzy/profile-setup.html]
[themes.pixelstrap.net/pwa/chatzy/qr-code.html]
[themes.pixelstrap.net/pwa/chatzy/group-info.html]
[themes.pixelstrap.net/pwa/chatzy/group-info-setting.html]
[themes.pixelstrap.net/pwa/chatzy/group-invite-link.html]
[themes.pixelstrap.net/pwa/chatzy/group-file.html]
[themes.pixelstrap.net/pwa/chatzy/group-audio-call-received.html]
[themes.pixelstrap.net/pwa/chatzy/group-audio-call-ringing.html]
[themes.pixelstrap.net/pwa/chatzy/group-video-call-received.html]
[themes.pixelstrap.net/pwa/chatzy/group-video-call-ringing.html]
[themes.pixelstrap.net/pwa/chatzy/broadcast-chat.html]
[themes.pixelstrap.net/pwa/chatzy/broadcast-info.html]
[themes.pixelstrap.net/pwa/chatzy/broadcast-file.html]
[themes.pixelstrap.net/pwa/chatzy/personal-info.html]
[themes.pixelstrap.net/pwa/chatzy/private-file.html]
[themes.pixelstrap.net/pwa/chatzy/private-audio-call-received.html]
[themes.pixelstrap.net/pwa/chatzy/private-video-call-received.html]
[themes.pixelstrap.net/pwa/chatzy/language.html]
[themes.pixelstrap.net/pwa/chatzy/wallpaper.html]
[themes.pixelstrap.net/pwa/chatzy/empty-chat.html]
[themes.pixelstrap.net/pwa/chatzy/empty-call.html]
[themes.pixelstrap.net/pwa/chatzy/empty-group-chat.html]
[themes.pixelstrap.net/pwa/chatzy/empty-file.html]
[themes.pixelstrap.net/pwa/chatzy/page-listing.html]
[themes.pixelstrap.net/pwa/chatzy/element-avatar.html]
[themes.pixelstrap.net/pwa/chatzy/element-bottom-menu.html]
[themes.pixelstrap.net/pwa/chatzy/element-button.html]
[themes.pixelstrap.net/pwa/chatzy/element-checkbox-radio.html]
[themes.pixelstrap.net/pwa/chatzy/element-dropdown.html]
[themes.pixelstrap.net/pwa/chatzy/element-header.html]
[themes.pixelstrap.net/pwa/chatzy/element-modal.html]
[themes.pixelstrap.net/pwa/chatzy/element-offcanvas.html]
[themes.pixelstrap.net/pwa/chatzy/element-tab.html]
[themes.pixelstrap.net/pwa/chatzy/components-page.html]
[themes.pixelstrap.net/pwa/chatzy/element-typography.html]
[themes.pixelstrap.net/pwa/chatzy/assets/images/profile/profile-pic.png]
[themes.pixelstrap.net/pwa/chatzy/assets/images/icons/profile.png]
[themes.pixelstrap.net/pwa/chatzy/assets/js/image-change.js]
[themes.pixelstrap.net/pwa/chatzy/profile.html]
[themes.pixelstrap.net/pwa/chatzy/setting.html]
[themes.pixelstrap.net/pwa/chatzy/assets/images/login-vector.svg]
[themes.pixelstrap.net/pwa/chatzy/login.html]
[themes.pixelstrap.net/pwa/chatzy/assets/images/svg/ring.svg]
[themes.pixelstrap.net/pwa/chatzy/assets/images/svg/reply-all.svg]
[themes.pixelstrap.net/pwa/chatzy/assets/images/wallpaper/wallpaper0.png]
[themes.pixelstrap.net/pwa/chatzy/assets/images/media/chat-img1.png]
[themes.pixelstrap.net/pwa/chatzy/assets/images/media/chat-img2.png]
[themes.pixelstrap.net/pwa/chatzy/assets/images/media/chat-img3.png]
[themes.pixelstrap.net/pwa/chatzy/assets/images/media/chat-img4.png]
[themes.pixelstrap.net/pwa/chatzy/assets/images/svg/camera.svg]
[themes.pixelstrap.net/pwa/chatzy/assets/images/svg/contact.svg]
[themes.pixelstrap.net/pwa/chatzy/assets/images/svg/location.svg]
[themes.pixelstrap.net/pwa/chatzy/assets/images/svg/video-fill.svg]
[themes.pixelstrap.net/pwa/chatzy/assets/images/clear.png]
[themes.pixelstrap.net/pwa/chatzy/assets/images/block.png]
[themes.pixelstrap.net/pwa/chatzy/group-chat.html]
[themes.pixelstrap.net/pwa/chatzy/assets/images/svg/pin.svg]
[themes.pixelstrap.net/pwa/chatzy/private-chat.html]
[themes.pixelstrap.net/pwa/chatzy/assets/images/svg/tick-all.svg]
[themes.pixelstrap.net/pwa/chatzy/assets/images/svg/heart.svg]
[themes.pixelstrap.net/pwa/chatzy/assets/images/svg/mute.svg]
[themes.pixelstrap.net/pwa/chatzy/assets/images/svg/gallery.svg]
[themes.pixelstrap.net/pwa/chatzy/assets/images/svg/tick.svg]
[themes.pixelstrap.net/pwa/chatzy/assets/images/svg/messages.svg]
[themes.pixelstrap.net/pwa/chatzy/assets/images/story-img.html]
[themes.pixelstrap.net/pwa/chatzy/assets/images/svg/chat.svg]
[themes.pixelstrap.net/pwa/chatzy/assets/images/svg/chat-fill.svg]
[themes.pixelstrap.net/pwa/chatzy/assets/images/svg/call.svg]
[themes.pixelstrap.net/pwa/chatzy/assets/images/svg/call-fill.svg]
[themes.pixelstrap.net/pwa/chatzy/assets/images/svg/setting.svg]
[themes.pixelstrap.net/pwa/chatzy/assets/images/svg/setting-fill.svg]
[themes.pixelstrap.net/pwa/chatzy/assets/images/svg/profile.svg]
[themes.pixelstrap.net/pwa/chatzy/assets/images/svg/profile-fill.svg]
[themes.pixelstrap.net/pwa/chatzy/assets/images/svg/video.svg]
[themes.pixelstrap.net/pwa/chatzy/assets/images/svg/headphone.svg]
[themes.pixelstrap.net/pwa/chatzy/assets/images/svg/document.svg]
[themes.pixelstrap.net/pwa/chatzy/assets/images/svg/gif.svg]
[themes.pixelstrap.net/pwa/chatzy/assets/images/svg/link.svg]
[themes.pixelstrap.net/pwa/chatzy/assets/images/svg/message.svg]
[themes.pixelstrap.net/pwa/chatzy/assets/images/svg/smile.svg]
[themes.pixelstrap.net/pwa/chatzy/assets/js/template-setting.html]
[themes.pixelstrap.net/pwa/chatzy/assets/images/onboarding/btn-shape1.svg]
[themes.pixelstrap.net/pwa/chatzy/assets/images/onboarding/btn-shape2.svg]
[themes.pixelstrap.net/pwa/chatzy/assets/images/svg/100.svg]
[themes.pixelstrap.net/pwa/chatzy/assets/images/svg/smiling-eyes.svg]
[themes.pixelstrap.net/pwa/chatzy/assets/images/svg/halo.svg]
[themes.pixelstrap.net/pwa/chatzy/assets/images/svg/blushing-eyes.svg]
[themes.pixelstrap.net/pwa/chatzy/assets/images/profile/add-img.png]
[themes.pixelstrap.net/pwa/chatzy/new-group-profile.html]
[themes.pixelstrap.net/pwa/chatzy/new-broadcast-profile.html]
[themes.pixelstrap.net/pwa/chatzy/assets/images/svg/star-fill.svg]
[themes.pixelstrap.net/pwa/chatzy/assets/images/svg/pdf.svg]
[themes.pixelstrap.net/pwa/chatzy/assets/images/svg/reply.svg]
[themes.pixelstrap.net/pwa/chatzy/assets/images/svg/apk.svg]
[themes.pixelstrap.net/pwa/chatzy/assets/images/svg/image.svg]
[themes.pixelstrap.net/pwa/chatzy/assets/images/call-bg.svg]
[themes.pixelstrap.net/pwa/chatzy/private-audio-call-ringing.html]
[themes.pixelstrap.net/pwa/chatzy/private-video-call-ringing.html]
[themes.pixelstrap.net/pwa/chatzy/add-call-contact.html]
[themes.pixelstrap.net/pwa/chatzy/assets/images/svg/phone.svg]
[themes.pixelstrap.net/pwa/chatzy/assets/images/qrcode.png]
[themes.pixelstrap.net/pwa/chatzy/add-qr-code-contact.html]
[themes.pixelstrap.net/pwa/chatzy/assets/css/vendors/bootstrap.rtl.min.css]
[themes.pixelstrap.net/pwa/chatzy/assets/images/gif/1.gif]
[themes.pixelstrap.net/pwa/chatzy/assets/images/onboarding/1.png]
[themes.pixelstrap.net/pwa/chatzy/assets/images/onboarding/chain.png]
[themes.pixelstrap.net/pwa/chatzy/assets/images/onboarding/line-design.svg]
[themes.pixelstrap.net/pwa/chatzy/assets/images/onboarding/arrow.svg]
[themes.pixelstrap.net/pwa/chatzy/assets/images/gif/2.gif]
[themes.pixelstrap.net/pwa/chatzy/assets/images/onboarding/2.png]
[themes.pixelstrap.net/pwa/chatzy/assets/images/gif/3.gif]
[themes.pixelstrap.net/pwa/chatzy/assets/images/onboarding/3.png]
[themes.pixelstrap.net/pwa/chatzy/assets/js/homescreen-popup.js]
[themes.pixelstrap.net/pwa/chatzy/assets/js/offcanvas-popup.js]
[themes.pixelstrap.net/pwa/chatzy/index.html]
[themes.pixelstrap.net/pwa/chatzy/assets/js/otp.js]
[themes.pixelstrap.net/pwa/chatzy/otp.html]
[themes.pixelstrap.net/pwa/chatzy/assets/images/svg/india.svg]
[themes.pixelstrap.net/pwa/chatzy/assets/images/svg/usa.svg]
[themes.pixelstrap.net/pwa/chatzy/assets/images/svg/canada.svg]
[themes.pixelstrap.net/pwa/chatzy/assets/images/svg/germany.svg]
[themes.pixelstrap.net/pwa/chatzy/assets/images/svg/africa.svg]
[themes.pixelstrap.net/pwa/chatzy/assets/images/svg/australia.svg]
[themes.pixelstrap.net/pwa/chatzy/assets/images/svg/korea.svg]
[themes.pixelstrap.net/pwa/chatzy/assets/images/svg/france.svg]
[themes.pixelstrap.net/pwa/chatzy/assets/images/svg/uae.svg]
[themes.pixelstrap.net/pwa/chatzy/assets/images/svg/indonesia.svg]
[themes.pixelstrap.net/pwa/chatzy/choose-country.html]
[themes.pixelstrap.net/pwa/chatzy/profile-setup.html]
[themes.pixelstrap.net/pwa/chatzy/assets/images/svg/message-text.svg]
[themes.pixelstrap.net/pwa/chatzy/assets/images/svg/sms.svg]
[themes.pixelstrap.net/pwa/chatzy/assets/images/svg/slack.svg]
[themes.pixelstrap.net/pwa/chatzy/assets/images/svg/instagram.svg]
[themes.pixelstrap.net/pwa/chatzy/assets/images/svg/send-2.svg]
[themes.pixelstrap.net/pwa/chatzy/assets/images/svg/whatsapp.svg]
[themes.pixelstrap.net/pwa/chatzy/assets/images/resend-link.png]
[themes.pixelstrap.net/pwa/chatzy/assets/images/reset-qrcode.png]
[themes.pixelstrap.net/pwa/chatzy/qr-code.html]
[themes.pixelstrap.net/pwa/chatzy/assets/images/background/group-bg.png]
[themes.pixelstrap.net/pwa/chatzy/assets/images/svg/connect.svg]
[themes.pixelstrap.net/pwa/chatzy/assets/images/svg/bell-mute.svg]
[themes.pixelstrap.net/pwa/chatzy/assets/images/svg/profile-add.svg]
[themes.pixelstrap.net/pwa/chatzy/assets/images/svg/logout.svg]
[themes.pixelstrap.net/pwa/chatzy/assets/images/leave-group.png]
[themes.pixelstrap.net/pwa/chatzy/group-info.html]
[themes.pixelstrap.net/pwa/chatzy/group-info-setting.html]
[themes.pixelstrap.net/pwa/chatzy/group-invite-link.html]
[themes.pixelstrap.net/pwa/chatzy/assets/images/svg/mini-logo.svg]
[themes.pixelstrap.net/pwa/chatzy/assets/images/media/media-1.png]
[themes.pixelstrap.net/pwa/chatzy/assets/images/media/media-2.png]
[themes.pixelstrap.net/pwa/chatzy/assets/images/media/media-3.png]
[themes.pixelstrap.net/pwa/chatzy/assets/images/media/media-4.png]
[themes.pixelstrap.net/pwa/chatzy/assets/images/media/media-5.png]
[themes.pixelstrap.net/pwa/chatzy/assets/images/media/media-6.png]
[themes.pixelstrap.net/pwa/chatzy/assets/images/media/media-7.png]
[themes.pixelstrap.net/pwa/chatzy/assets/images/media/media-8.png]
[themes.pixelstrap.net/pwa/chatzy/assets/images/media/media-9.png]
[themes.pixelstrap.net/pwa/chatzy/assets/images/svg/excel.svg]
[themes.pixelstrap.net/pwa/chatzy/group-file.html]
[themes.pixelstrap.net/pwa/chatzy/assets/images/svg/word.svg]
[themes.pixelstrap.net/pwa/chatzy/assets/images/svg/arrow-up.svg]
[themes.pixelstrap.net/pwa/chatzy/group-audio-call-received.html]
[themes.pixelstrap.net/pwa/chatzy/group-audio-call-ringing.html]
[themes.pixelstrap.net/pwa/chatzy/group-video-call-received.html]
[themes.pixelstrap.net/pwa/chatzy/group-video-call-ringing.html]
[themes.pixelstrap.net/pwa/chatzy/assets/images/svg/megaphone-logo.svg]
[themes.pixelstrap.net/pwa/chatzy/broadcast-chat.html]
[themes.pixelstrap.net/pwa/chatzy/broadcast-info.html]
[themes.pixelstrap.net/pwa/chatzy/broadcast-file.html]
[themes.pixelstrap.net/pwa/chatzy/assets/images/background/personal-info.png]
[themes.pixelstrap.net/pwa/chatzy/personal-info.html]
[themes.pixelstrap.net/pwa/chatzy/private-file.html]
[themes.pixelstrap.net/pwa/chatzy/private-audio-call-received.html]
[themes.pixelstrap.net/pwa/chatzy/private-video-call-received.html]
[themes.pixelstrap.net/pwa/chatzy/edit-details.html]
[themes.pixelstrap.net/pwa/chatzy/language.html]
[themes.pixelstrap.net/pwa/chatzy/assets/images/wallpaper/wallpaper1.png]
[themes.pixelstrap.net/pwa/chatzy/assets/images/wallpaper/wallpaper2.png]
[themes.pixelstrap.net/pwa/chatzy/assets/images/wallpaper/wallpaper3.png]
[themes.pixelstrap.net/pwa/chatzy/assets/images/wallpaper/wallpaper4.png]
[themes.pixelstrap.net/pwa/chatzy/assets/images/wallpaper/wallpaper5.png]
[themes.pixelstrap.net/pwa/chatzy/assets/images/wallpaper/wallpaper6.png]
[themes.pixelstrap.net/pwa/chatzy/assets/images/wallpaper/wallpaper7.png]
[themes.pixelstrap.net/pwa/chatzy/assets/images/wallpaper/wallpaper8.png]
[themes.pixelstrap.net/pwa/chatzy/assets/images/wallpaper/wallpaper9.png]
[themes.pixelstrap.net/pwa/chatzy/assets/images/wallpaper/wallpaper10.png]
[themes.pixelstrap.net/pwa/chatzy/assets/images/wallpaper/wallpaper11.png]
[themes.pixelstrap.net/pwa/chatzy/assets/images/wallpaper/wallpaper12.png]
[themes.pixelstrap.net/pwa/chatzy/assets/images/wallpaper/wallpaper13.png]
[themes.pixelstrap.net/pwa/chatzy/assets/images/wallpaper/wallpaper14.png]
[themes.pixelstrap.net/pwa/chatzy/assets/images/wallpaper/wallpaper15.png]
[themes.pixelstrap.net/pwa/chatzy/assets/images/wallpaper/wallpaper16.png]
[themes.pixelstrap.net/pwa/chatzy/assets/images/wallpaper/wallpaper17.png]
[themes.pixelstrap.net/pwa/chatzy/assets/images/wallpaper/wallpaper18.png]
[themes.pixelstrap.net/pwa/chatzy/assets/images/wallpaper/wallpaper19.png]
[themes.pixelstrap.net/pwa/chatzy/assets/images/wallpaper/wallpaper20.png]
[themes.pixelstrap.net/pwa/chatzy/assets/images/wallpaper/wallpaper21.png]
[themes.pixelstrap.net/pwa/chatzy/assets/images/wallpaper/wallpaper22.png]
[themes.pixelstrap.net/pwa/chatzy/assets/images/wallpaper/wallpaper23.png]
[themes.pixelstrap.net/pwa/chatzy/assets/images/wallpaper/wallpaper24.png]
[themes.pixelstrap.net/pwa/chatzy/assets/images/wallpaper/wallpaper25.png]
[themes.pixelstrap.net/pwa/chatzy/assets/images/wallpaper/wallpaper26.png]
[themes.pixelstrap.net/pwa/chatzy/assets/images/wallpaper/wallpaper27.png]
[themes.pixelstrap.net/pwa/chatzy/wallpaper.html]
[themes.pixelstrap.net/pwa/chatzy/default-wallpaper.html]
[themes.pixelstrap.net/pwa/chatzy/assets/images/empty-chat.svg]
[themes.pixelstrap.net/pwa/chatzy/empty-chat.html]
[themes.pixelstrap.net/pwa/chatzy/assets/images/empty-call.svg]
[themes.pixelstrap.net/pwa/chatzy/empty-call.html]
[themes.pixelstrap.net/pwa/chatzy/assets/images/gif/empty-group-chat.gif]
[themes.pixelstrap.net/pwa/chatzy/empty-group-chat.html]
[themes.pixelstrap.net/pwa/chatzy/assets/images/no-data.png]
[themes.pixelstrap.net/pwa/chatzy/empty-file.html]
[themes.pixelstrap.net/pwa/chatzy/element-avatar.html]
[themes.pixelstrap.net/pwa/chatzy/element-bottom-menu.html]
[themes.pixelstrap.net/pwa/chatzy/element-button.html]
[themes.pixelstrap.net/pwa/chatzy/element-checkbox-radio.html]
[themes.pixelstrap.net/pwa/chatzy/element-dropdown.html]
[themes.pixelstrap.net/pwa/chatzy/element-header.html]
[themes.pixelstrap.net/pwa/chatzy/element-modal.html]
[themes.pixelstrap.net/pwa/chatzy/element-offcanvas.html]
[themes.pixelstrap.net/pwa/chatzy/element-tab.html]
[themes.pixelstrap.net/pwa/chatzy/element-typography.html]
[themes.pixelstrap.net/pwa/chatzy/assets/images/login-vector.svg]
[themes.pixelstrap.net/pwa/chatzy/assets/images/svg/ring.svg]
[themes.pixelstrap.net/pwa/chatzy/assets/images/svg/reply-all.svg]
[themes.pixelstrap.net/pwa/chatzy/contact-list.html]
[themes.pixelstrap.net/pwa/chatzy/assets/images/svg/camera.svg]
[themes.pixelstrap.net/pwa/chatzy/assets/images/svg/contact.svg]
[themes.pixelstrap.net/pwa/chatzy/assets/images/svg/location.svg]
[themes.pixelstrap.net/pwa/chatzy/assets/images/svg/video-fill.svg]
[themes.pixelstrap.net/pwa/chatzy/assets/js/reply.html]
[themes.pixelstrap.net/pwa/chatzy/assets/images/call-bg.svg]
[themes.pixelstrap.net/pwa/chatzy/assets/images/svg/phone.svg]
[themes.pixelstrap.net/pwa/chatzy/assets/images/onboarding/line-design.svg]
[themes.pixelstrap.net/pwa/chatzy/assets/images/onboarding/arrow.svg]
[themes.pixelstrap.net/pwa/chatzy/assets/images/svg/india.svg]
[themes.pixelstrap.net/pwa/chatzy/assets/images/svg/usa.svg]
[themes.pixelstrap.net/pwa/chatzy/assets/images/svg/canada.svg]
[themes.pixelstrap.net/pwa/chatzy/assets/images/svg/germany.svg]
[themes.pixelstrap.net/pwa/chatzy/assets/images/svg/africa.svg]
[themes.pixelstrap.net/pwa/chatzy/assets/images/svg/australia.svg]
[themes.pixelstrap.net/pwa/chatzy/assets/images/svg/japan.svg]
[themes.pixelstrap.net/pwa/chatzy/assets/images/svg/korea.svg]
[themes.pixelstrap.net/pwa/chatzy/assets/images/svg/france.svg]
[themes.pixelstrap.net/pwa/chatzy/assets/images/svg/uae.svg]
[themes.pixelstrap.net/pwa/chatzy/assets/images/svg/indonesia.svg]
[themes.pixelstrap.net/pwa/chatzy/assets/images/svg/message-text.svg]
[themes.pixelstrap.net/pwa/chatzy/assets/images/svg/sms.svg]
[themes.pixelstrap.net/pwa/chatzy/assets/images/svg/slack.svg]
[themes.pixelstrap.net/pwa/chatzy/assets/images/svg/instagram.svg]
[themes.pixelstrap.net/pwa/chatzy/assets/images/svg/send-2.svg]
[themes.pixelstrap.net/pwa/chatzy/assets/images/svg/whatsapp.svg]
[themes.pixelstrap.net/pwa/chatzy/assets/images/svg/connect.svg]
[themes.pixelstrap.net/pwa/chatzy/assets/images/svg/bell-mute.svg]
[themes.pixelstrap.net/pwa/chatzy/assets/images/svg/profile-add.svg]
[themes.pixelstrap.net/pwa/chatzy/assets/images/svg/logout.svg]
[themes.pixelstrap.net/pwa/chatzy/assets/images/svg/mini-logo.svg]
[themes.pixelstrap.net/pwa/chatzy/assets/images/svg/excel.svg]
[themes.pixelstrap.net/pwa/chatzy/assets/images/svg/word.svg]
[themes.pixelstrap.net/pwa/chatzy/assets/images/svg/arrow-up.svg]
[themes.pixelstrap.net/pwa/chatzy/assets/images/svg/megaphone-logo.svg]
[themes.pixelstrap.net/pwa/chatzy/broadcast-info-setting.html]
[themes.pixelstrap.net/pwa/chatzy/assets/images/empty-chat.svg]
[themes.pixelstrap.net/pwa/chatzy/assets/js/sticky-header.html]
[themes.pixelstrap.net/pwa/chatzy/assets/images/empty-call.svg]
